// Jest Snapshot v1, https://goo.gl/fbAQLP

exports[`should render markdown as html 1`] = `
"<h2 id=\\"test\\"><a href=\\"#test\\" class=\\"phenomic-HeadingAnchor\\">#</a>Test</h2>
<p><a href=\\"href\\">link</a></p>
<pre><code class=\\"language-js\\">console.log(window)
</code></pre>
"
`;

exports[`should render markdown as json (react component) 1`] = `
Object {
  "c": Array [
    Object {
      "c": Array [
        Object {
          "c": Array [
            "#",
          ],
          "p": Object {
            "className": "phenomic-HeadingAnchor",
            "href": "#test",
          },
          "t": "a",
        },
        "Test",
      ],
      "p": Object {
        "id": "test",
      },
      "t": "h2",
    },
    "
",
    Object {
      "c": Array [
        Object {
          "c": Array [
            "link",
          ],
          "p": Object {
            "href": "href",
          },
          "t": "a",
        },
      ],
      "t": "p",
    },
    "
",
    Object {
      "c": Array [
        Object {
          "c": Array [
            "console.log(window)
",
          ],
          "p": Object {
            "className": "language-js",
          },
          "t": "code",
        },
      ],
      "t": "pre",
    },
  ],
  "t": "div",
}
`;
