// Jest Snapshot v1, https://goo.gl/fbAQLP

exports[`should build example correctly 1`] = `
Array [
  "blog/fifth-post/index.html",
  "blog/first-post/index.html",
  "blog/fourth-post/index.html",
  "blog/second-post/index.html",
  "blog/third-post/index.html",
  "index.html",
]
`;

exports[`should build example correctly 2`] = `
Array [
  "phenomic/posts/by-default/1/desc.json",
  "phenomic/posts/item/fifth-post.json",
  "phenomic/posts/item/first-post.json",
  "phenomic/posts/item/fourth-post.json",
  "phenomic/posts/item/second-post.json",
  "phenomic/posts/item/third-post.json",
]
`;

exports[`should build example correctly 3`] = `
Array [
  "phenomic.main.js",
]
`;
