// Jest Snapshot v1, https://goo.gl/fbAQLP

exports[`should decode query string 1`] = `
Object {
  "a": "1",
  "b": "foo",
}
`;

exports[`should encode query string 1`] = `"a=1&b=foo"`;
